title: Linux proc
date: 2016-04-24 22:20:36
tags:
- proc
- Linux
---
1./proc/loadavg 系统的负载信息
数据如下：
```shell
0.33 0.47 0.41 1/679 5324
```
从左至右的内容分别是系统：过去1分钟的平均负载、过去5分钟的平均负载、过去15分钟的平均负载、正在运行的任务数/当前总任务数、上一次创建进程使用的PID号。
**系统平均负载**被定义为在特定时间间隔内运行队列中的平均进程数。
2./proc/uptime 系统的运行时间
```shell
91886.37 349729.16
```
第一个是系统正常运行的时间，第二个是从启动到现在系统空转的时间。从这里可以看到我的系统绝大部份时间都是空转，并不忙。
3./proc/meminfo 物理内存信息
```shell
MemTotal:        5967816 kB
MemFree:          951488 kB
MemAvailable:    3177060 kB
Buffers:          425808 kB
Cached:          1526776 kB
SwapCached:        40296 kB
Active:          2532464 kB
Inactive:         876364 kB
Active(anon):    1221440 kB
Inactive(anon):   285088 kB
Active(file):    1311024 kB
Inactive(file):   591276 kB
Unevictable:        1196 kB
Mlocked:            1196 kB
SwapTotal:       6146044 kB
SwapFree:        6105056 kB
Dirty:                24 kB
Writeback:             0 kB
AnonPages:       1424348 kB
Mapped:          1510728 kB
Shmem:             50284 kB
Slab:             412340 kB
SReclaimable:     359536 kB
SUnreclaim:        52804 kB
KernelStack:       10320 kB
PageTables:        43312 kB
NFS_Unstable:          0 kB
Bounce:                0 kB
WritebackTmp:          0 kB
CommitLimit:     9129952 kB
Committed_AS:    6592888 kB
VmallocTotal:   34359738367 kB
VmallocUsed:           0 kB
VmallocChunk:          0 kB
HardwareCorrupted:     0 kB
AnonHugePages:    495616 kB
CmaTotal:              0 kB
CmaFree:               0 kB
HugePages_Total:       0
HugePages_Free:        0
HugePages_Rsvd:        0
HugePages_Surp:        0
Hugepagesize:       2048 kB
DirectMap4k:     1419324 kB
DirectMap2M:     4728832 kB
```
4./proc/vmstat 虚拟内存信息
5./proc/diskstats 磁盘信息
```shell
   1       0 ram0 0 0 0 0 0 0 0 0 0 0 0
   1       1 ram1 0 0 0 0 0 0 0 0 0 0 0
   1       2 ram2 0 0 0 0 0 0 0 0 0 0 0
   1       3 ram3 0 0 0 0 0 0 0 0 0 0 0
   1       4 ram4 0 0 0 0 0 0 0 0 0 0 0
   1       5 ram5 0 0 0 0 0 0 0 0 0 0 0
   1       6 ram6 0 0 0 0 0 0 0 0 0 0 0
   1       7 ram7 0 0 0 0 0 0 0 0 0 0 0
   1       8 ram8 0 0 0 0 0 0 0 0 0 0 0
   1       9 ram9 0 0 0 0 0 0 0 0 0 0 0
   1      10 ram10 0 0 0 0 0 0 0 0 0 0 0
   1      11 ram11 0 0 0 0 0 0 0 0 0 0 0
   1      12 ram12 0 0 0 0 0 0 0 0 0 0 0
   1      13 ram13 0 0 0 0 0 0 0 0 0 0 0
   1      14 ram14 0 0 0 0 0 0 0 0 0 0 0
   1      15 ram15 0 0 0 0 0 0 0 0 0 0 0
   7       0 loop0 0 0 0 0 0 0 0 0 0 0 0
   7       1 loop1 0 0 0 0 0 0 0 0 0 0 0
   7       2 loop2 0 0 0 0 0 0 0 0 0 0 0
   7       3 loop3 0 0 0 0 0 0 0 0 0 0 0
   7       4 loop4 0 0 0 0 0 0 0 0 0 0 0
   7       5 loop5 0 0 0 0 0 0 0 0 0 0 0
   7       6 loop6 0 0 0 0 0 0 0 0 0 0 0
   7       7 loop7 0 0 0 0 0 0 0 0 0 0 0
   8       0 sda 205531 5115 6317286 2276940 299253 452172 15094217 8151640 0 2204120 10433252
   8       1 sda1 204947 4990 6311370 2266476 294378 439622 14993105 7972896 0 2071224 10254776
   8       2 sda2 2 0 4 0 0 0 0 0 0 0 0
   8       5 sda5 374 125 4240 7560 89 12550 101112 25884 0 7368 33444
  11       0 sr0 0 0 0 0 0 0 0 0 0 0 0

```
单个的具体信息可到 /sys/block/ 目录查看

6./proc/stat CPU信息
```shell
cpu  830828 36667 622632 21274576 137460 0 11938 0 0 0
cpu0 239296 9478 165284 8641000 45412 0 7527 0 0 0
cpu1 186056 9618 134198 4234833 22651 0 1208 0 0 0
cpu2 214964 8932 191504 4164500 40581 0 2328 0 0 0
cpu3 190511 8639 131644 4234242 28815 0 873 0 0 0
intr 106171613 47 22118 0 0 0 0 0 0 1 206937 0 0 21947556 0 0 0 568 0 0 430922 0 0 0 861 0 25 12007705 648663 278 8252958 20186 0 0 0 0 0 0 0 0 0 0 0 0 0 0 0 0 0 0 0 0 0 0 0 0 0 0 0 0 0 0 0 0 0 0 0 0 0 0 0 0 0 0 0 0 0 0 0 0 0 0 0 0 0 0 0 0 0 0 0 0 0 0 0 0 0 0 0 0 0 0 0 0 0 0 0 0 0 0 0 0 0 0 0 0 0 0 0 0 0 0 0 0 0 0 0 0 0 0 0 0 0 0 0 0 0 0 0 0 0 0 0 0 0 0 0 0 0 0 0 0 0 0 0 0 0 0 0 0 0 0 0 0 0 0 0 0 0 0 0 0 0 0 0 0 0 0 0 0 0 0 0 0 0 0 0 0 0 0 0 0 0 0 0 0 0 0 0 0 0 0 0 0 0 0 0 0 0 0 0 0 0 0 0 0 0 0 0 0 0 0 0 0 0 0 0 0 0 0 0 0 0 0 0 0 0 0 0 0 0 0 0 0 0 0 0 0 0 0 0 0 0 0 0 0 0 0 0 0 0 0 0 0 0 0 0 0 0 0 0 0 0 0 0 0 0 0 0 0 0 0 0 0 0 0 0 0 0 0 0 0 0 0 0 0 0 0 0 0 0 0 0 0 0 0 0 0 0 0 0 0 0 0 0 0 0 0 0 0 0 0 0 0 0 0 0 0 0 0 0 0 0 0 0 0 0 0 0 0 0 0 0 0 0 0 0 0 0 0 0 0 0 0 0 0 0 0 0 0 0 0 0 0 0 0 0 0 0 0 0 0 0 0 0 0 0 0 0 0 0 0 0 0 0 0 0 0 0 0 0 0 0 0 0 0 0 0 0 0 0 0 0 0 0 0 0 0 0 0 0 0 0 0 0 0 0 0 0 0 0 0 0 0 0 0 0 0 0 0 0 0 0 0 0 0 0 0 0 0 0 0 0 0 0 0 0 0 0 0 0 0 0 0 0 0 0
ctxt 208530440
btime 1461415630
processes 37723
procs_running 2
procs_blocked 0
softirq 54503877 430960 18300395 21360 312101 603805 6 3146610 16844557 0 14844083
```
cpu0-cpu3表明为四核的CPU